[2025-10-07 16:57:05.590872] 6120496361 (enoterok): /balance
Bot: 💳 main - ACC-580240939: 0.0 | ✅ Активен

[2025-10-07 16:57:36.849097] 6120496361 (enoterok): /block ACC-807828960 Машоннические операции
Bot: ✅ Счёт ACC-807828960 заблокирован.

[2025-10-07 16:58:51.174847] 5191236894 (Fanatik0981): /b
Bot: 💳 main - ACC-807828960: 100.0 | 🚫 Заблокирован

[2025-10-07 16:59:15.961948] 6120496361 (enoterok): /reply 5191236894 ACC-580240939
Bot: ✅ Ответ отправлен 5191236894

[2025-10-07 16:59:38.485645] 5191236894 (Fanatik0981): /t main 99 ACC-580240939
Bot: 🚫 Счёт 'main' заблокирован.

[2025-10-07 16:59:58.066190] 6120496361 (enoterok): /unblock ACC-807828960
Bot: ✅ Счёт ACC-807828960 разблокирован.

[2025-10-07 17:00:45.371257] 5191236894 (Fanatik0981): /t main 99 ACC-580240939 ПИТУХ
Bot: ✅ Переведено 99.0 → ACC-580240939
💬 ПИТУХ

[2025-10-07 17:05:59.590191] 6120496361 (enoterok): /b
Bot: 💳 main - ACC-580240939: 50.0 | ✅ Активен

[2025-10-07 17:06:22.338014] 6120496361 (enoterok): /t main -25 ACC-807828960
Bot: ✅ Переведено -25.0 → ACC-807828960
💬 Без комментария

[2025-10-07 17:06:25.981503] 6120496361 (enoterok): /b
Bot: 💳 main - ACC-580240939: 75.0 | ✅ Активен

[2025-10-07 17:14:07.103875] 6120496361 (enoterok): /t main -25 ACC-807828960
Bot: ❌ Сумма перевода должна быть положительным числом.

[2025-10-07 17:14:15.855169] 6120496361 (enoterok): /t main 25 ACC-807828960
Bot: ✅ Переведено 25.0 → ACC-807828960
💬 Без комментария

[2025-10-07 17:14:34.599315] 6120496361 (enoterok): /b
Bot: 💳 main - ACC-580240939: 0.0 | ✅ Активен
---------------------------------------------------------------------Release----------------------------------------------------------------------[2025-10-07 17:23:05.380231] 6120496361 (enoterok): /reply 6120496361 Hi
Bot: ✅ Ответ отправлен 6120496361

[2025-10-07 17:23:34.585400] 6120496361 (enoterok): /reply 6120496361 Hi
Bot: ✅ Ответ отправлен 6120496361

[2025-10-07 17:30:50.118568] 6120496361 (enoterok): /reply_all Проверка системы оповещений
Bot: ✅ Рассылка завершена.
📨 Успешно: 0
⚠️ Ошибок: 1

[2025-10-07 17:34:02.816154] 6120496361 (enoterok): /reply_all Проверка системы оповещений
Bot: ✅ Рассылка завершена.
📨 Успешно: 2
⚠️ Ошибок: 0

